Sharvari@DESKTOP-TH181AK MINGW64 /e/PAWS/AWS/GITDemoFolder
$ git version
git version 2.29.1.windows.1

Sharvari@DESKTOP-TH181AK MINGW64 /e/PAWS/AWS/GITDemoFolder
$ pwd
/e/PAWS/AWS/GITDemoFolder

Sharvari@DESKTOP-TH181AK MINGW64 /e/PAWS/AWS/GITDemoFolder
$ git config user.name "Sharvari"
fatal: not in a git directory

Sharvari@DESKTOP-TH181AK MINGW64 /e/PAWS/AWS/GITDemoFolder
$ git config --global user.name "Sharvari"

Sharvari@DESKTOP-TH181AK MINGW64 /e/PAWS/AWS/GITDemoFolder
$ git config --global user.email "sharvar.987@gmail.com"

Sharvari@DESKTOP-TH181AK MINGW64 /e/PAWS/AWS/GITDemoFolder

Sharvari@DESKTOP-TH181AK MINGW64 /e/PAWS/AWS/GITDemoFolder
$ git config --list
diff.astextplain.textconv=astextplain
filter.lfs.clean=git-lfs clean -- %f
filter.lfs.smudge=git-lfs smudge -- %f
filter.lfs.process=git-lfs filter-process
filter.lfs.required=true
http.sslbackend=openssl
http.sslcainfo=C:/Program Files/Git/mingw64/ssl/certs/ca-bundle.crt
core.autocrlf=true
core.fscache=true
core.symlinks=false
pull.rebase=false
credential.helper=manager-core
credential.https://dev.azure.com.usehttppath=true
user.name=Sharvari
user.email=sharvar.987@gmail.com

Sharvari@DESKTOP-TH181AK MINGW64 /e/PAWS/AWS/Git_Demo
$ git config user.name "Sharvari"
fatal: not in a git directory

Sharvari@DESKTOP-TH181AK MINGW64 /e/PAWS/AWS/Git_Demo
$ git config --global user.name "Sharvari"

Sharvari@DESKTOP-TH181AK MINGW64 /e/PAWS/AWS/Git_Demo
$ git status
fatal: not a git repository (or any of the parent directories): .git

Sharvari@DESKTOP-TH181AK MINGW64 /e/PAWS/AWS/Git_Demo
$ git config --global user.email "sharvar.987@gmail.com"

Sharvari@DESKTOP-TH181AK MINGW64 /e/PAWS/AWS/Git_Demo
$ git config --global core.editor notepad

Sharvari@DESKTOP-TH181AK MINGW64 /e/PAWS/AWS/Git_Demo
$ git config --list
diff.astextplain.textconv=astextplain
filter.lfs.clean=git-lfs clean -- %f
filter.lfs.smudge=git-lfs smudge -- %f
filter.lfs.process=git-lfs filter-process
filter.lfs.required=true
http.sslbackend=openssl
http.sslcainfo=C:/Program Files/Git/mingw64/ssl/certs/ca-bundle.crt
core.autocrlf=true
core.fscache=true
core.symlinks=false
pull.rebase=false
credential.helper=manager-core
credential.https://dev.azure.com.usehttppath=true
user.name=Sharvari
user.email=sharvar.987@gmail.com
core.editor=notepad

Sharvari@DESKTOP-TH181AK MINGW64 /e/PAWS/AWS/Git_Demo
$ git init
Initialized empty Git repository in E:/PAWS/AWS/Git_Demo/.git/

Sharvari@DESKTOP-TH181AK MINGW64 /e/PAWS/AWS/Git_Demo (master)
$ git status
On branch master

No commits yet

Untracked files:
  (use "git add <file>..." to include in what will be committed)
        Git_Commands.txt

nothing added to commit but untracked files present (use "git add" to track)

Sharvari@DESKTOP-TH181AK MINGW64 /e/PAWS/AWS/Git_Demo (master)
$ git add Git_Commands.txt

Sharvari@DESKTOP-TH181AK MINGW64 /e/PAWS/AWS/Git_Demo (master)
$ git status
On branch master

No commits yet

Changes to be committed:
  (use "git rm --cached <file>..." to unstage)
        new file:   Git_Commands.txt


Sharvari@DESKTOP-TH181AK MINGW64 /e/PAWS/AWS/Git_Demo (master)
$
5465456g5dzg


