Sharvari@DESKTOP-TH181AK MINGW64 /e/PAWS/AWS/GITDemoFolder
$ git version
git version 2.29.1.windows.1

Sharvari@DESKTOP-TH181AK MINGW64 /e/PAWS/AWS/GITDemoFolder
$ pwd
/e/PAWS/AWS/GITDemoFolder

Sharvari@DESKTOP-TH181AK MINGW64 /e/PAWS/AWS/GITDemoFolder
$ git config user.name "Sharvari"
fatal: not in a git directory

Sharvari@DESKTOP-TH181AK MINGW64 /e/PAWS/AWS/GITDemoFolder
$ git config --global user.name "Sharvari"

Sharvari@DESKTOP-TH181AK MINGW64 /e/PAWS/AWS/GITDemoFolder
$ git config --global user.email "sharvar.987@gmail.com"

Sharvari@DESKTOP-TH181AK MINGW64 /e/PAWS/AWS/GITDemoFolder

Sharvari@DESKTOP-TH181AK MINGW64 /e/PAWS/AWS/GITDemoFolder
$ git config --list
diff.astextplain.textconv=astextplain
filter.lfs.clean=git-lfs clean -- %f
filter.lfs.smudge=git-lfs smudge -- %f
filter.lfs.process=git-lfs filter-process
filter.lfs.required=true
http.sslbackend=openssl
http.sslcainfo=C:/Program Files/Git/mingw64/ssl/certs/ca-bundle.crt
core.autocrlf=true
core.fscache=true
core.symlinks=false
pull.rebase=false
credential.helper=manager-core
credential.https://dev.azure.com.usehttppath=true
user.name=Sharvari
user.email=sharvar.987@gmail.com

Sharvari@DESKTOP-TH181AK MINGW64 /e/PAWS/AWS/Git_Demo
$ git config user.name "Sharvari"
fatal: not in a git directory

Sharvari@DESKTOP-TH181AK MINGW64 /e/PAWS/AWS/Git_Demo
$ git config --global user.name "Sharvari"

Sharvari@DESKTOP-TH181AK MINGW64 /e/PAWS/AWS/Git_Demo
$ git status
fatal: not a git repository (or any of the parent directories): .git

Sharvari@DESKTOP-TH181AK MINGW64 /e/PAWS/AWS/Git_Demo
$ git config --global user.email "sharvar.987@gmail.com"

Sharvari@DESKTOP-TH181AK MINGW64 /e/PAWS/AWS/Git_Demo
$ git config --global core.editor notepad

Sharvari@DESKTOP-TH181AK MINGW64 /e/PAWS/AWS/Git_Demo
$ git config --list
diff.astextplain.textconv=astextplain
filter.lfs.clean=git-lfs clean -- %f
filter.lfs.smudge=git-lfs smudge -- %f
filter.lfs.process=git-lfs filter-process
filter.lfs.required=true
http.sslbackend=openssl
http.sslcainfo=C:/Program Files/Git/mingw64/ssl/certs/ca-bundle.crt
core.autocrlf=true
core.fscache=true
core.symlinks=false
pull.rebase=false
credential.helper=manager-core
credential.https://dev.azure.com.usehttppath=true
user.name=Sharvari
user.email=sharvar.987@gmail.com
core.editor=notepad

Sharvari@DESKTOP-TH181AK MINGW64 /e/PAWS/AWS/Git_Demo
$ git init
Initialized empty Git repository in E:/PAWS/AWS/Git_Demo/.git/

Sharvari@DESKTOP-TH181AK MINGW64 /e/PAWS/AWS/Git_Demo (master)
$ git status
On branch master

No commits yet

Untracked files:
  (use "git add <file>..." to include in what will be committed)
        Git_Commands.txt

nothing added to commit but untracked files present (use "git add" to track)

Sharvari@DESKTOP-TH181AK MINGW64 /e/PAWS/AWS/Git_Demo (master)
$ git add Git_Commands.txt

Sharvari@DESKTOP-TH181AK MINGW64 /e/PAWS/AWS/Git_Demo (master)
$ git status
On branch master

No commits yet

Changes to be committed:
  (use "git rm --cached <file>..." to unstage)
        new file:   Git_Commands.txt


Sharvari@DESKTOP-TH181AK MINGW64 /e/PAWS/AWS/Git_Demo (master)
$ git status
On branch master
nothing to commit, working tree clean

Sharvari@DESKTOP-TH181AK MINGW64 /e/PAWS/AWS/Git_Demo (master)
$ git log
commit 56855354d7c715ba66e28245239d7caa21654ca2 (HEAD -> master)
Author: Sharvari <sharvar.987@gmail.com>
Date:   Fri Oct 30 13:53:39 2020 +0530

    WI2:Git_Commands modified, bash commands added

commit eec3eb0126d5bd4706f2b611c01d6193d327d699
Author: Sharvari <sharvar.987@gmail.com>
Date:   Fri Oct 30 13:52:32 2020 +0530

    WI1:Git_Commands created, bash commands added

Sharvari@DESKTOP-TH181AK MINGW64 /e/PAWS/AWS/Git_Demo (master)
$ git add Git_Commands.txt

Sharvari@DESKTOP-TH181AK MINGW64 /e/PAWS/AWS/Git_Demo (master)
$ git commit -m "WI3:Git_Commands modified, commits viewed"
[master c0b7ca0] WI3:Git_Commands modified, commits viewed
 1 file changed, 20 insertions(+), 2 deletions(-)

Sharvari@DESKTOP-TH181AK MINGW64 /e/PAWS/AWS/Git_Demo (master)
$ git log
commit c0b7ca09e4fc3bebdc3ba03866e674e5d4e7f32d (HEAD -> master)
Author: Sharvari <sharvar.987@gmail.com>
Date:   Fri Oct 30 13:56:15 2020 +0530

    WI3:Git_Commands modified, commits viewed

commit 56855354d7c715ba66e28245239d7caa21654ca2
Author: Sharvari <sharvar.987@gmail.com>
Date:   Fri Oct 30 13:53:39 2020 +0530

    WI2:Git_Commands modified, bash commands added

commit eec3eb0126d5bd4706f2b611c01d6193d327d699
Author: Sharvari <sharvar.987@gmail.com>
Date:   Fri Oct 30 13:52:32 2020 +0530

    WI1:Git_Commands created, bash commands added




